127.0.0.1 - - [17/May/2024:09:31:00 +0900] "GET / HTTP/1.1" 404 807
0:0:0:0:0:0:0:1 - - [17/May/2024:09:31:05 +0900] "GET /web/WEB-INF/classes/com/test/web/controller/Ex10Controller.java HTTP/1.1" 404 721
0:0:0:0:0:0:0:1 - - [17/May/2024:09:31:05 +0900] "GET /favicon.ico HTTP/1.1" 404 818
0:0:0:0:0:0:0:1 - - [17/May/2024:09:31:23 +0900] "GET /web/add.do HTTP/1.1" 200 1714
0:0:0:0:0:0:0:1 - - [17/May/2024:09:31:29 +0900] "GET /web/%E3%84%B7%E3%85%8C10.do HTTP/1.1" 404 329
0:0:0:0:0:0:0:1 - - [17/May/2024:09:31:34 +0900] "GET /web/ex10.do HTTP/1.1" 404 329
0:0:0:0:0:0:0:1 - - [17/May/2024:09:31:37 +0900] "GET /web/ex10.do HTTP/1.1" 404 329
0:0:0:0:0:0:0:1 - - [17/May/2024:09:31:52 +0900] "GET /web/addBoard.do HTTP/1.1" 200 219
127.0.0.1 - - [17/May/2024:09:33:24 +0900] "GET / HTTP/1.1" 404 807
0:0:0:0:0:0:0:1 - - [17/May/2024:09:33:34 +0900] "GET /web/addBoard.do HTTP/1.1" 200 219
127.0.0.1 - - [17/May/2024:09:36:25 +0900] "GET / HTTP/1.1" 404 807
0:0:0:0:0:0:0:1 - - [17/May/2024:09:36:26 +0900] "GET /web/addBoard.do HTTP/1.1" 200 219
127.0.0.1 - - [17/May/2024:10:04:47 +0900] "GET / HTTP/1.1" 404 807
0:0:0:0:0:0:0:1 - - [17/May/2024:10:04:47 +0900] "GET /web/addBoard.do HTTP/1.1" 500 10377
127.0.0.1 - - [17/May/2024:10:09:37 +0900] "GET / HTTP/1.1" 404 807
0:0:0:0:0:0:0:1 - - [17/May/2024:10:09:48 +0900] "GET /web/addBoard.do HTTP/1.1" 500 10313
0:0:0:0:0:0:0:1 - - [17/May/2024:10:09:51 +0900] "GET /web/addBoard.do HTTP/1.1" 500 10313
0:0:0:0:0:0:0:1 - - [17/May/2024:10:11:28 +0900] "GET /web/addBoard.do HTTP/1.1" 200 219
127.0.0.1 - - [17/May/2024:11:51:33 +0900] "GET / HTTP/1.1" 404 807
0:0:0:0:0:0:0:1 - - [17/May/2024:11:51:33 +0900] "GET /mybatis/WEB-INF/classes/com/test/mybatis/controller/MyBatisController.java HTTP/1.1" 404 721
0:0:0:0:0:0:0:1 - - [17/May/2024:11:52:06 +0900] "GET /mybatis/m1.do HTTP/1.1" 500 15270
0:0:0:0:0:0:0:1 - - [17/May/2024:11:52:22 +0900] "GET /mybatis/m1.do HTTP/1.1" 500 15270
127.0.0.1 - - [17/May/2024:11:58:10 +0900] "GET / HTTP/1.1" 404 807
0:0:0:0:0:0:0:1 - - [17/May/2024:11:58:21 +0900] "GET /mybatis/m1.do HTTP/1.1" 500 15526
0:0:0:0:0:0:0:1 - - [17/May/2024:12:00:15 +0900] "GET /mybatis/m1.do HTTP/1.1" 200 219
0:0:0:0:0:0:0:1 - - [17/May/2024:12:18:11 +0900] "GET /mybatis/m2.do HTTP/1.1" 500 10871
0:0:0:0:0:0:0:1 - - [17/May/2024:12:18:28 +0900] "GET /mybatis/m2.do?seq=1 HTTP/1.1" 500 10871
0:0:0:0:0:0:0:1 - - [17/May/2024:12:19:07 +0900] "GET /mybatis/m2.do?seq=1 HTTP/1.1" 500 10871
127.0.0.1 - - [17/May/2024:12:19:18 +0900] "GET / HTTP/1.1" 404 807
0:0:0:0:0:0:0:1 - - [17/May/2024:12:19:22 +0900] "GET /mybatis/m2.do?seq=1 HTTP/1.1" 200 263
0:0:0:0:0:0:0:1 - - [17/May/2024:12:37:07 +0900] "GET /mybatis/m2.do?seq=1 HTTP/1.1" 200 267
127.0.0.1 - - [17/May/2024:12:37:14 +0900] "GET / HTTP/1.1" 404 807
0:0:0:0:0:0:0:1 - - [17/May/2024:12:37:20 +0900] "GET /mybatis/m3.do HTTP/1.1" 500 14917
127.0.0.1 - - [17/May/2024:12:38:09 +0900] "GET / HTTP/1.1" 404 807
0:0:0:0:0:0:0:1 - - [17/May/2024:12:38:10 +0900] "GET /mybatis/m3.do HTTP/1.1" 500 14917
127.0.0.1 - - [17/May/2024:12:38:32 +0900] "GET / HTTP/1.1" 404 807
0:0:0:0:0:0:0:1 - - [17/May/2024:12:38:34 +0900] "GET /mybatis/m3.do HTTP/1.1" 500 14917
127.0.0.1 - - [17/May/2024:12:44:56 +0900] "GET / HTTP/1.1" 404 807
0:0:0:0:0:0:0:1 - - [17/May/2024:12:44:56 +0900] "GET /mybatis/WEB-INF/views/add.jsp HTTP/1.1" 404 721
0:0:0:0:0:0:0:1 - - [17/May/2024:12:45:07 +0900] "GET /mybatis/add.do HTTP/1.1" 200 266
127.0.0.1 - - [17/May/2024:12:47:20 +0900] "GET / HTTP/1.1" 404 807
0:0:0:0:0:0:0:1 - - [17/May/2024:12:47:21 +0900] "GET /mybatis/add.do HTTP/1.1" 200 266
0:0:0:0:0:0:0:1 - - [17/May/2024:12:47:23 +0900] "GET /mybatis/add.do HTTP/1.1" 200 266
127.0.0.1 - - [17/May/2024:12:47:52 +0900] "GET / HTTP/1.1" 404 807
0:0:0:0:0:0:0:1 - - [17/May/2024:12:47:53 +0900] "GET /mybatis/add.do HTTP/1.1" 200 944
127.0.0.1 - - [17/May/2024:14:05:52 +0900] "GET / HTTP/1.1" 404 807
0:0:0:0:0:0:0:1 - - [17/May/2024:14:05:52 +0900] "GET /mybatis/add.do HTTP/1.1" 200 946
127.0.0.1 - - [17/May/2024:14:10:59 +0900] "GET / HTTP/1.1" 404 807
0:0:0:0:0:0:0:1 - - [17/May/2024:14:11:05 +0900] "POST /mybatis/addok.do HTTP/1.1" 404 827
127.0.0.1 - - [17/May/2024:14:13:00 +0900] "GET / HTTP/1.1" 404 807
0:0:0:0:0:0:0:1 - - [17/May/2024:14:13:04 +0900] "GET /mybatis/add.do HTTP/1.1" 404 825
0:0:0:0:0:0:0:1 - - [17/May/2024:14:13:06 +0900] "GET /mybatis/add.do HTTP/1.1" 404 825
0:0:0:0:0:0:0:1 - - [17/May/2024:14:13:22 +0900] "GET /mybatis/add.do HTTP/1.1" 404 825
127.0.0.1 - - [17/May/2024:14:13:55 +0900] "GET / HTTP/1.1" 404 807
0:0:0:0:0:0:0:1 - - [17/May/2024:14:14:00 +0900] "GET /mybatis/add.do HTTP/1.1" 404 825
0:0:0:0:0:0:0:1 - - [17/May/2024:14:14:01 +0900] "GET /mybatis/add.do HTTP/1.1" 404 825
127.0.0.1 - - [17/May/2024:14:15:07 +0900] "GET / HTTP/1.1" 404 807
0:0:0:0:0:0:0:1 - - [17/May/2024:14:15:07 +0900] "GET /mybatis/WEB-INF/classes/com/test/mybatis/controller/MyBatisController.java HTTP/1.1" 404 909
0:0:0:0:0:0:0:1 - - [17/May/2024:14:15:16 +0900] "GET /mybatis/add.do HTTP/1.1" 404 825
0:0:0:0:0:0:0:1 - - [17/May/2024:14:21:14 +0900] "GET /mybatis/add.do HTTP/1.1" 404 825
127.0.0.1 - - [17/May/2024:14:21:22 +0900] "GET / HTTP/1.1" 404 807
0:0:0:0:0:0:0:1 - - [17/May/2024:14:23:45 +0900] "GET /mybatis/add.do HTTP/1.1" 404 825
127.0.0.1 - - [17/May/2024:14:25:24 +0900] "GET / HTTP/1.1" 404 807
0:0:0:0:0:0:0:1 - - [17/May/2024:14:28:23 +0900] "GET /mybatis/m3.do HTTP/1.1" 404 824
127.0.0.1 - - [17/May/2024:14:28:31 +0900] "GET / HTTP/1.1" 404 807
0:0:0:0:0:0:0:1 - - [17/May/2024:14:28:34 +0900] "GET /mybatis/m3.do HTTP/1.1" 404 824
0:0:0:0:0:0:0:1 - - [17/May/2024:14:28:36 +0900] "GET /mybatis/m3.do HTTP/1.1" 404 824
0:0:0:0:0:0:0:1 - - [17/May/2024:14:28:38 +0900] "GET /mybatis/m3.do HTTP/1.1" 404 824
0:0:0:0:0:0:0:1 - - [17/May/2024:14:28:43 +0900] "GET /mybatis/m4.do HTTP/1.1" 404 824
127.0.0.1 - - [17/May/2024:14:34:11 +0900] "GET / HTTP/1.1" 404 807
0:0:0:0:0:0:0:1 - - [17/May/2024:14:34:12 +0900] "GET /mybatis/m4.do HTTP/1.1" 404 824
0:0:0:0:0:0:0:1 - - [17/May/2024:14:34:16 +0900] "GET /mybatis/m5.do HTTP/1.1" 404 824
127.0.0.1 - - [17/May/2024:14:36:05 +0900] "GET / HTTP/1.1" 404 807
127.0.0.1 - - [17/May/2024:14:37:11 +0900] "GET / HTTP/1.1" 404 807
0:0:0:0:0:0:0:1 - - [17/May/2024:14:37:12 +0900] "GET /mybatis/WEB-INF/classes/com/test/mybatis/dao/MyBatisDAO.java HTTP/1.1" 404 895
0:0:0:0:0:0:0:1 - - [17/May/2024:14:37:21 +0900] "GET /mybatis/m5.do HTTP/1.1" 404 824
127.0.0.1 - - [17/May/2024:14:38:45 +0900] "GET / HTTP/1.1" 404 807
127.0.0.1 - - [17/May/2024:14:40:45 +0900] "GET / HTTP/1.1" 404 807
127.0.0.1 - - [17/May/2024:14:41:15 +0900] "GET / HTTP/1.1" 404 807
127.0.0.1 - - [17/May/2024:14:44:28 +0900] "GET / HTTP/1.1" 404 807
0:0:0:0:0:0:0:1 - - [17/May/2024:14:44:39 +0900] "GET /mybatis/m5.do HTTP/1.1" 500 19145
0:0:0:0:0:0:0:1 - - [17/May/2024:14:47:05 +0900] "GET /mybatis/m5.do HTTP/1.1" 500 19149
127.0.0.1 - - [17/May/2024:14:47:17 +0900] "GET / HTTP/1.1" 404 807
0:0:0:0:0:0:0:1 - - [17/May/2024:14:47:19 +0900] "GET /mybatis/m5.do HTTP/1.1" 500 19145
127.0.0.1 - - [17/May/2024:14:48:37 +0900] "GET / HTTP/1.1" 404 807
0:0:0:0:0:0:0:1 - - [17/May/2024:14:49:00 +0900] "GET /mybatis/m5.do HTTP/1.1" 500 19145
0:0:0:0:0:0:0:1 - - [17/May/2024:14:49:30 +0900] "GET /mybatis/m5.do?seq=1 HTTP/1.1" 200 290
0:0:0:0:0:0:0:1 - - [17/May/2024:14:49:45 +0900] "GET /mybatis/m6.do HTTP/1.1" 200 290
0:0:0:0:0:0:0:1 - - [17/May/2024:14:49:49 +0900] "GET /mybatis/m6.do HTTP/1.1" 200 290
0:0:0:0:0:0:0:1 - - [17/May/2024:14:50:51 +0900] "GET /mybatis/m6.do HTTP/1.1" 200 341
0:0:0:0:0:0:0:1 - - [17/May/2024:14:51:17 +0900] "GET /mybatis/add.do HTTP/1.1" 200 946
0:0:0:0:0:0:0:1 - - [17/May/2024:14:51:29 +0900] "POST /mybatis/addok.do HTTP/1.1" 200 219
0:0:0:0:0:0:0:1 - - [17/May/2024:14:51:42 +0900] "GET /mybatis/add.do HTTP/1.1" 200 946
0:0:0:0:0:0:0:1 - - [17/May/2024:14:52:19 +0900] "POST /mybatis/addok.do HTTP/1.1" 200 219
0:0:0:0:0:0:0:1 - - [17/May/2024:14:52:29 +0900] "POST /mybatis/addok.do HTTP/1.1" 200 219
0:0:0:0:0:0:0:1 - - [17/May/2024:14:52:47 +0900] "GET /mybatis/m6.do HTTP/1.1" 200 372
127.0.0.1 - - [17/May/2024:15:16:01 +0900] "GET / HTTP/1.1" 404 807
0:0:0:0:0:0:0:1 - - [17/May/2024:15:16:03 +0900] "GET /mybatis/m7.do HTTP/1.1" 200 339
0:0:0:0:0:0:0:1 - - [17/May/2024:15:18:01 +0900] "GET /mybatis/m7.do HTTP/1.1" 500 5621
127.0.0.1 - - [17/May/2024:15:19:38 +0900] "GET / HTTP/1.1" 404 807
0:0:0:0:0:0:0:1 - - [17/May/2024:15:19:40 +0900] "GET /mybatis/m7.do HTTP/1.1" 404 824
127.0.0.1 - - [17/May/2024:15:20:15 +0900] "GET / HTTP/1.1" 404 807
0:0:0:0:0:0:0:1 - - [17/May/2024:15:20:17 +0900] "GET /mybatis/m7.do HTTP/1.1" 200 472
127.0.0.1 - - [17/May/2024:15:24:04 +0900] "GET / HTTP/1.1" 404 807
0:0:0:0:0:0:0:1 - - [17/May/2024:15:24:45 +0900] "GET /mybatis/m8.do?table=tblAddress HTTP/1.1" 500 16276
127.0.0.1 - - [17/May/2024:15:26:37 +0900] "GET / HTTP/1.1" 404 807
0:0:0:0:0:0:0:1 - - [17/May/2024:15:26:38 +0900] "GET /mybatis/m8.do?table=tblAddress HTTP/1.1" 200 362
127.0.0.1 - - [17/May/2024:15:31:56 +0900] "GET / HTTP/1.1" 404 807
0:0:0:0:0:0:0:1 - - [17/May/2024:15:31:57 +0900] "GET /mybatis/m9.do HTTP/1.1" 200 397
127.0.0.1 - - [17/May/2024:15:32:19 +0900] "GET / HTTP/1.1" 404 807
0:0:0:0:0:0:0:1 - - [17/May/2024:15:32:19 +0900] "GET /mybatis/m9.do HTTP/1.1" 404 824
127.0.0.1 - - [17/May/2024:15:34:09 +0900] "GET / HTTP/1.1" 404 807
0:0:0:0:0:0:0:1 - - [17/May/2024:15:34:11 +0900] "GET /mybatis/m9.do HTTP/1.1" 200 436
127.0.0.1 - - [17/May/2024:15:35:11 +0900] "GET / HTTP/1.1" 404 807
0:0:0:0:0:0:0:1 - - [17/May/2024:15:35:11 +0900] "GET /mybatis/m9.do HTTP/1.1" 200 436
127.0.0.1 - - [17/May/2024:15:37:18 +0900] "GET / HTTP/1.1" 404 807
0:0:0:0:0:0:0:1 - - [17/May/2024:15:37:20 +0900] "GET /mybatis/m9.do HTTP/1.1" 200 436
0:0:0:0:0:0:0:1 - - [17/May/2024:15:47:15 +0900] "GET /mybatis/m3.do HTTP/1.1" 200 362
0:0:0:0:0:0:0:1 - - [17/May/2024:15:47:19 +0900] "GET /mybatis/m4.do HTTP/1.1" 200 362
0:0:0:0:0:0:0:1 - - [17/May/2024:15:47:23 +0900] "GET /mybatis/m5.do HTTP/1.1" 500 19145
0:0:0:0:0:0:0:1 - - [17/May/2024:15:47:26 +0900] "GET /mybatis/m2.do HTTP/1.1" 500 18342
0:0:0:0:0:0:0:1 - - [17/May/2024:15:47:46 +0900] "GET /mybatis/add.do HTTP/1.1" 200 946
0:0:0:0:0:0:0:1 - - [17/May/2024:15:48:00 +0900] "POST /mybatis/addok.do HTTP/1.1" 200 219
0:0:0:0:0:0:0:1 - - [17/May/2024:15:48:08 +0900] "GET /mybatis/%E3%85%A19.do HTTP/1.1" 404 721
0:0:0:0:0:0:0:1 - - [17/May/2024:15:48:14 +0900] "GET /mybatis/m9.do HTTP/1.1" 200 472
127.0.0.1 - - [17/May/2024:16:14:11 +0900] "GET / HTTP/1.1" 404 807
0:0:0:0:0:0:0:1 - - [17/May/2024:16:14:45 +0900] "GET /mybatis/m10.do HTTP/1.1" 500 18897
127.0.0.1 - - [17/May/2024:16:16:08 +0900] "GET / HTTP/1.1" 404 807
0:0:0:0:0:0:0:1 - - [17/May/2024:16:16:12 +0900] "GET /mybatis/m10.do HTTP/1.1" 500 18897
0:0:0:0:0:0:0:1 - - [17/May/2024:16:16:42 +0900] "GET /mybatis/m10.do?serch=%EC%84%9C%EC%9A%B8%EC%9A%B8 HTTP/1.1" 500 18897
0:0:0:0:0:0:0:1 - - [17/May/2024:16:16:52 +0900] "GET /mybatis/m10.do?search=%EC%84%9C%EC%9A%B8%EC%9A%B8 HTTP/1.1" 200 400
